// Jest Snapshot v1, https://goo.gl/fbAQLP

exports[`renders correctly 1`] = `
.c0 {
  display: inline-grid;
  grid-template-columns: 185px auto;
  color: black;
  box-shadow: 0 2px 20px rgba(49,54,68,.3);
  background: #fafafa;
  min-height: 265px;
  min-width: 370px;
  box-sizing: border-box;
}

.c1 {
  background-position: 50%;
  background-repeat: no-repeat;
  background-size: cover;
  position: relative;
  display: -webkit-box;
  display: -webkit-flex;
  display: -ms-flexbox;
  display: flex;
  -webkit-flex-direction: column;
  -ms-flex-direction: column;
  flex-direction: column;
  -webkit-box-pack: end;
  -webkit-justify-content: flex-end;
  -ms-flex-pack: end;
  justify-content: flex-end;
  background-image: url();
}

.c2 {
  position: relative;
}

.c3 {
  text-align: center;
  font-size: 14px;
  padding: 10px;
  background: #f1f3f7;
  color: #4553F4;
  font-weight: bold;
}

.c4 {
  color: rgb(122,133,143);
  display: -webkit-box;
  display: -webkit-flex;
  display: -ms-flexbox;
  display: flex;
  -webkit-flex-direction: row;
  -ms-flex-direction: row;
  flex-direction: row;
  font-size: 13px;
  background: #f6f8fb;
  white-space: no-wrap;
}

.c5 {
  padding: 2px;
  margin: 0 auto;
  display: inline-block;
}

.c6 {
  color: rgb(122,133,143);
  height: 160px;
  background: #fafafa;
  line-height: 15px;
  padding: 4px 10px;
  font-size: 12px;
  overflow-y: hidden;
}

.c7 {
  color: rgb(146,153,161);
  line-height: 13px;
  padding: 8px 10px;
  max-height: 42px;
  text-align: center;
  width: 100%;
  background: #f6f8fb;
}

.c8 {
  color: rgb(146,153,161);
  line-height: 13px;
  padding: 8px 10px;
  max-height: 42px;
  text-align: center;
  width: 100%;
  background: #f6f8fb;
  display: none;
}

<div
  className="c0"
  onMouseEnter={[Function]}
  onMouseLeave={[Function]}
>
  <div
    className="c1"
  />
  <div
    className="c2"
  >
    <div
      className="c3"
    >
      <div
        className="ui large label"
        onClick={[Function]}
      >
        snapshot
      </div>
    </div>
    <div
      className="c4"
    >
      <span
        className="c5"
      >
        <div
          className="ui label"
          onClick={[Function]}
        >
          <i
            aria-hidden="true"
            className="calendar alternate icon"
          />
        </div>
      </span>
      <span
        className="c5"
      >
        <div
          className="ui label"
          onClick={[Function]}
        >
          <i
            aria-hidden="true"
            className="location arrow icon"
          />
        </div>
      </span>
      <span
        className="c5"
      >
        <div
          className="ui label"
          onClick={[Function]}
        >
          <i
            aria-hidden="true"
            className="star icon"
          />
          123
        </div>
      </span>
    </div>
    <div
      className="c6"
    />
    <div
      className="c7"
    >
      <div
        className="ui label"
        onClick={[Function]}
      >
        snapshot genre
      </div>
    </div>
    <div
      className="c8"
    >
      <div>
        <i
          aria-hidden="true"
          className="chat large link icon"
          onBlur={[Function]}
          onClick={[Function]}
          onFocus={[Function]}
          onMouseEnter={[Function]}
          onMouseLeave={[Function]}
        />
      </div>
    </div>
  </div>
</div>
`;
