// Jest Snapshot v1, https://goo.gl/fbAQLP

exports[`renders correctly 1`] = `
<form
  className="ui form"
  onSubmit={[Function]}
>
  <div
    className="field"
  >
    <div
      className="ui action input"
    >
      <input
        name="title"
        onChange={[Function]}
        placeholder="Search"
        type="text"
      />
      <button
        className="ui icon button"
        onClick={[Function]}
        role="button"
        type="submit"
      >
        <i
          aria-hidden="true"
          className="search icon"
        />
      </button>
    </div>
  </div>
</form>
`;
