// Jest Snapshot v1, https://goo.gl/fbAQLP

exports[`renders correctly 1`] = `
.c0 {
  text-align: left;
}

<div>
  <div
    className="c0"
  >
    <div
      className="ui label"
      onClick={[Function]}
    >
      <i
        aria-hidden="true"
        className="cancel large link icon"
        onBlur={[Function]}
        onClick={[Function]}
        onFocus={[Function]}
        onMouseEnter={[Function]}
        onMouseLeave={[Function]}
      />
      snapshot
    </div>
  </div>
</div>
`;
