// Jest Snapshot v1, https://goo.gl/fbAQLP

exports[`renders correctly 1`] = `
<div
  className="sc-bwzfXH cGOhmo"
>
  <div>
    <div
      className="sc-bdVaJa keoVwn"
    >
      MovieMate
      <p>
        Search/sort components go here OR: 
      </p>
    </div>
  </div>
  <div
    className="sc-htpNat FNFIB"
  >
     Search/sort components go here
  </div>
  <div
    className="sc-bxivhb gGwQNM"
  >
    Body
  </div>
</div>
`;
